2026-10-07 00:42:18  Simulação (uma passagem)
2026-10-07 00:42:25  ! FC Van: 1 slot(s) de venda livre(s) (3/4)
2026-10-07 00:42:35  Simulação: próxima verificação em 0h18
2026-10-07 00:52:37  Simulação (uma passagem)
2026-10-07 00:52:44  ! FC Van: 1 slot(s) de venda livre(s) (3/4)
2026-10-07 00:52:54  ! Real Betis: Kvaratskhelia (ATA) com 71% de condição; convém descansar 1 jogo
2026-10-07 00:52:54  ! Real Betis: R. James (DEF) com 71% de condição; convém descansar 1 jogo
2026-10-07 00:52:54  ! Real Betis: Dimarco (DEF) com 75% de condição; convém descansar 1 jogo
2026-10-07 00:52:54  ! Real Betis: Anderson (MED) com 78% de condição; convém descansar 1 jogo
2026-10-07 00:52:54  ! Real Betis: Pacho (DEF) com 78% de condição; convém descansar 1 jogo
2026-10-07 00:52:54  ! FC Van: Livakovic (GR) com 70% de condição; convém descansar 1 jogo
2026-10-07 00:52:54  ! FC Van: Gyökeres (ATA) com 72% de condição; convém descansar 1 jogo
2026-10-07 00:52:54  ! FC Van: Kane (ATA) com 78% de condição; convém descansar 1 jogo
2026-10-07 00:52:54  ! FC Van: Mendes (DEF) com 79% de condição; convém descansar 1 jogo
2026-10-07 00:52:54  Simulação: próxima verificação em 0h07
2026-10-07 01:09:40  Bot ligado
2026-10-07 01:09:51  Real Betis: 0 para recolher
2026-10-07 01:09:51  FC Van: 0 para recolher
2026-10-07 01:09:55  Real Betis: 0 treino(s) a iniciar
2026-10-07 01:09:55  FC Van: 0 treino(s) a iniciar
2026-10-07 01:10:13  Loja: vídeo 1
2026-10-07 01:11:35  Loja: vídeo 2
2026-10-07 01:12:57  Loja: vídeo 3
2026-10-07 01:17:50  Bot ligado
2026-10-07 01:18:01  Real Betis: 0 para recolher
2026-10-07 01:18:01  FC Van: 0 para recolher
2026-10-07 01:18:04  Real Betis: 0 treino(s) a iniciar
2026-10-07 01:18:04  FC Van: 0 treino(s) a iniciar
2026-10-07 01:18:20  Loja: vídeo 1
2026-10-07 01:19:44  Loja: vídeo 2
2026-10-07 01:20:32  Loja: vídeo 3
2026-10-07 01:21:36  Loja: vídeo 4
2026-10-07 01:22:45  Loja: vídeo 5
2026-10-07 01:23:51  Loja: vídeo 6
2026-10-07 01:24:12  Treino: vídeo 1 (Real Betis, GR)
2026-10-07 01:24:57  Treino: vídeo 2 (Real Betis, DEF)
2026-10-07 01:26:27  Treino: vídeo 3 (Real Betis, MED)
2026-10-07 01:27:54  Treino: vídeo 4 (Real Betis, ATA)
2026-10-07 01:28:11  Dinheiro: vídeo 1 (Real Betis)
2026-10-07 01:29:20  Dinheiro: vídeo 2 (Real Betis)
2026-10-07 01:30:21  Dinheiro: vídeo 3 (Real Betis)
2026-10-07 01:30:31  ! Real Betis: Haaland (ATA) com 71% de condição; convém descansar 1 jogo
2026-10-07 01:30:31  ! Real Betis: R. James (DEF) com 71% de condição; convém descansar 1 jogo
2026-10-07 01:30:31  ! Real Betis: Dimarco (DEF) com 75% de condição; convém descansar 1 jogo
2026-10-07 01:30:31  ! Real Betis: Pacho (DEF) com 78% de condição; convém descansar 1 jogo
2026-10-07 01:30:31  ! FC Van: Livakovic (GR) com 70% de condição; convém descansar 1 jogo
2026-10-07 01:30:31  ! FC Van: Gyökeres (ATA) com 72% de condição; convém descansar 1 jogo
2026-10-07 01:30:31  ! FC Van: Mendes (DEF) com 79% de condição; convém descansar 1 jogo
2026-10-07 01:30:31  Próxima verificação: loja reabre em 0h39 · treino acaba em 1h48 · vídeo de treino reabre em 2h53 · estádio acaba em 11h49 · dinheiro reabre em 23h29
2026-10-07 02:00:32  Real Betis: 0 para recolher
2026-10-07 02:00:32  FC Van: 0 para recolher
2026-10-07 02:00:35  Real Betis: 0 treino(s) a iniciar
2026-10-07 02:00:35  FC Van: 0 treino(s) a iniciar
2026-10-07 02:00:51  Próxima verificação: loja reabre em 0h09 · treino acaba em 1h18 · vídeo de treino reabre em 2h23 · estádio acaba em 11h18 · dinheiro reabre em 22h59
2026-10-07 02:11:08  Real Betis: 0 para recolher
2026-10-07 02:11:08  FC Van: 0 para recolher
2026-10-07 02:11:11  Real Betis: 0 treino(s) a iniciar
2026-10-07 02:11:11  FC Van: 0 treino(s) a iniciar
2026-10-07 02:11:16  Loja: janela saltada
2026-10-07 02:11:27  Próxima verificação: treino acaba em 1h07 · vídeo de treino reabre em 2h12 · estádio acaba em 11h08 · dinheiro reabre em 22h48
2026-10-07 02:41:29  Real Betis: 0 para recolher
2026-10-07 02:41:29  FC Van: 0 para recolher
2026-10-07 02:41:32  Real Betis: 0 treino(s) a iniciar
2026-10-07 02:41:32  FC Van: 0 treino(s) a iniciar
2026-10-07 02:41:47  Loja: vídeo 1
2026-10-07 02:43:03  Loja: vídeo 2
2026-10-07 02:44:10  Loja: vídeo 3
2026-10-07 02:45:11  Loja: vídeo 4
2026-10-07 02:46:00  Loja: vídeo 5
2026-10-07 02:46:56  Loja: vídeo 6
2026-10-07 02:48:06  Loja: vídeo 7
2026-10-07 02:49:22  Loja: vídeo 8
2026-10-07 02:50:40  Loja: vídeo 9
2026-10-07 02:50:51  Próxima verificação: treino acaba em 0h28 · loja reabre em 0h50 · vídeo de treino reabre em 1h33 · estádio acaba em 10h28 · dinheiro reabre em 22h09
2026-10-07 03:20:05  Real Betis: 0 para recolher
2026-10-07 03:20:05  FC Van: 4 para recolher
2026-10-07 03:20:05  Kane: recolhido (200, +139)
2026-10-07 03:20:05  Mendes: recolhido (200, +149)
2026-10-07 03:20:05  Livakovic: recolhido (200, +46)
2026-10-07 03:20:05  Cherki: recolhido (200, +55)
2026-10-07 03:20:16  Real Betis: 0 treino(s) a iniciar
2026-10-07 03:20:16  FC Van: 4 treino(s) a iniciar
2026-10-07 03:20:16  Knauff (ATA, 24 anos, rating 79): a treinar (200)
2026-10-07 03:20:16  K. Koné (MED, 25 anos, rating 91): a treinar (200)
2026-10-07 03:20:16  Murillo (DEF, 24 anos, rating 89): a treinar (200)
2026-10-07 03:20:16  Léo Jardim (GR, 31 anos, rating 81): a treinar (200)
2026-10-07 03:20:32  Próxima verificação: loja reabre em 0h21 · vídeo de treino reabre em 1h03 · treino acaba em 3h41 · estádio acaba em 9h59 · dinheiro reabre em 21h39
2026-10-07 03:42:21  Real Betis: 0 para recolher
2026-10-07 03:42:21  FC Van: 0 para recolher
2026-10-07 03:42:24  Real Betis: 0 treino(s) a iniciar
2026-10-07 03:42:24  FC Van: 0 treino(s) a iniciar
2026-10-07 03:42:40  Loja: vídeo 1
2026-10-07 03:42:50  Próxima verificação: loja reabre em 0h00 · vídeo de treino reabre em 0h41 · treino acaba em 3h18 · estádio acaba em 9h36 · dinheiro reabre em 21h17
2026-10-07 03:43:22  Real Betis: 0 para recolher
2026-10-07 03:43:22  FC Van: 0 para recolher
2026-10-07 03:43:25  Real Betis: 0 treino(s) a iniciar
2026-10-07 03:43:25  FC Van: 0 treino(s) a iniciar
2026-10-07 03:43:40  Loja: vídeo 1
2026-10-07 03:43:51  Próxima verificação: loja reabre em 0h00 · vídeo de treino reabre em 0h40 · treino acaba em 3h17 · estádio acaba em 9h35 · dinheiro reabre em 21h16
2026-10-07 03:44:59  Real Betis: 0 para recolher
2026-10-07 03:44:59  FC Van: 0 para recolher
2026-10-07 03:45:02  Real Betis: 0 treino(s) a iniciar
2026-10-07 03:45:02  FC Van: 0 treino(s) a iniciar
2026-10-07 03:45:37  Loja: vídeo 1
2026-10-07 03:46:50  Loja: vídeo 2
2026-10-07 03:48:02  Loja: vídeo 3
2026-10-07 03:49:33  Loja: vídeo 4
2026-10-07 03:50:29  Loja: vídeo 5
2026-10-07 03:51:30  Loja: vídeo 6
2026-10-07 03:52:42  Loja: vídeo 7
2026-10-07 03:52:53  Próxima verificação: vídeo de treino reabre em 0h31 · loja reabre em 0h49 · treino acaba em 3h08 · estádio acaba em 9h26 · dinheiro reabre em 21h07
2026-10-07 04:22:55  Real Betis: 0 para recolher
2026-10-07 04:22:55  FC Van: 0 para recolher
2026-10-07 04:22:58  Real Betis: 0 treino(s) a iniciar
2026-10-07 04:22:58  FC Van: 0 treino(s) a iniciar
2026-10-07 04:23:14  Próxima verificação: vídeo de treino reabre em 0h00 · loja reabre em 0h19 · treino acaba em 2h38 · estádio acaba em 8h56 · dinheiro reabre em 20h36
2026-10-07 04:24:25  Real Betis: 0 para recolher
2026-10-07 04:24:25  FC Van: 0 para recolher
2026-10-07 04:24:28  Real Betis: 0 treino(s) a iniciar
2026-10-07 04:24:28  FC Van: 0 treino(s) a iniciar
2026-10-07 04:25:47  Vídeos: erro (training_ads: botão do vídeo de treino não encontrado (TimeoutError)); volto a tentar
2026-10-07 04:25:56  Próxima verificação: loja reabre em 0h16 · treino acaba em 2h35 · estádio acaba em 8h53 · dinheiro reabre em 20h34
2026-10-07 04:35:57  Real Betis: 0 para recolher
2026-10-07 04:35:57  FC Van: 0 para recolher
2026-10-07 04:36:00  Real Betis: 0 treino(s) a iniciar
2026-10-07 04:36:00  FC Van: 0 treino(s) a iniciar
2026-10-07 04:37:19  Vídeos: erro (training_ads: botão do vídeo de treino não encontrado (TimeoutError)); volto a tentar
2026-10-07 04:37:28  Próxima verificação: loja reabre em 0h05 · treino acaba em 2h24 · estádio acaba em 8h42 · dinheiro reabre em 20h22
2026-10-07 04:42:57  Real Betis: 0 para recolher
2026-10-07 04:42:57  FC Van: 0 para recolher
2026-10-07 04:43:00  Real Betis: 0 treino(s) a iniciar
2026-10-07 04:43:00  FC Van: 0 treino(s) a iniciar
2026-10-07 04:43:06  Loja: janela saltada
2026-10-07 04:44:19  Vídeos: erro (training_ads: botão do vídeo de treino não encontrado (TimeoutError)); volto a tentar
2026-10-07 04:44:28  Próxima verificação: treino acaba em 2h17 · estádio acaba em 8h35 · dinheiro reabre em 20h15
2026-10-07 04:54:29  Real Betis: 0 para recolher
2026-10-07 04:54:29  FC Van: 0 para recolher
2026-10-07 04:54:32  Real Betis: 0 treino(s) a iniciar
2026-10-07 04:54:32  FC Van: 0 treino(s) a iniciar
2026-10-07 04:54:48  Loja: vídeo 1
2026-10-07 04:56:02  Loja: vídeo 2
2026-10-07 04:57:24  Loja: vídeo 3
2026-10-07 04:58:38  Loja: vídeo 4
2026-10-07 04:59:59  Loja: vídeo 5
2026-10-07 05:00:51  Loja: vídeo 6
2026-10-07 05:02:04  Loja: vídeo 7
2026-10-07 05:02:49  Loja: vídeo 8
2026-10-07 05:03:28  Loja: vídeo 9
2026-10-07 05:04:42  Vídeos: erro (training_ads: botão do vídeo de treino não encontrado (TimeoutError)); volto a tentar
2026-10-07 05:04:51  Próxima verificação: loja reabre em 0h49 · treino acaba em 1h56 · estádio acaba em 8h14 · dinheiro reabre em 19h55
2026-10-07 05:14:52  Real Betis: 0 para recolher
2026-10-07 05:14:52  FC Van: 0 para recolher
2026-10-07 05:14:56  Real Betis: 0 treino(s) a iniciar
2026-10-07 05:14:56  FC Van: 0 treino(s) a iniciar
2026-10-07 05:16:14  Vídeos: erro (training_ads: botão do vídeo de treino não encontrado (TimeoutError)); volto a tentar
2026-10-07 05:16:23  Próxima verificação: loja reabre em 0h38 · treino acaba em 1h45 · estádio acaba em 8h03 · dinheiro reabre em 19h43
2026-10-07 05:26:25  Real Betis: 0 para recolher
2026-10-07 05:26:25  FC Van: 0 para recolher
2026-10-07 05:26:28  Real Betis: 0 treino(s) a iniciar
2026-10-07 05:26:28  FC Van: 0 treino(s) a iniciar
2026-10-07 05:27:46  Vídeos: erro (training_ads: botão do vídeo de treino não encontrado (TimeoutError)); volto a tentar
2026-10-07 05:27:56  Próxima verificação: loja reabre em 0h26 · treino acaba em 1h33 · estádio acaba em 7h51 · dinheiro reabre em 19h32
2026-10-07 05:37:57  Real Betis: 0 para recolher
2026-10-07 05:37:57  FC Van: 0 para recolher
2026-10-07 05:38:00  Real Betis: 0 treino(s) a iniciar
2026-10-07 05:38:00  FC Van: 0 treino(s) a iniciar
2026-10-07 05:39:19  Vídeos: erro (training_ads: botão do vídeo de treino não encontrado (TimeoutError)); volto a tentar
2026-10-07 05:39:28  Próxima verificação: loja reabre em 0h15 · treino acaba em 1h22 · estádio acaba em 7h40 · dinheiro reabre em 19h20
2026-10-07 05:49:29  Real Betis: 0 para recolher
2026-10-07 05:49:29  FC Van: 0 para recolher
2026-10-07 05:49:32  Real Betis: 0 treino(s) a iniciar
2026-10-07 05:49:32  FC Van: 0 treino(s) a iniciar
2026-10-07 05:50:51  Vídeos: erro (training_ads: botão do vídeo de treino não encontrado (TimeoutError)); volto a tentar
2026-10-07 05:51:00  Próxima verificação: loja reabre em 0h03 · treino acaba em 1h10 · estádio acaba em 7h28 · dinheiro reabre em 19h08
2026-10-07 05:55:46  Real Betis: 0 para recolher
2026-10-07 05:55:46  FC Van: 0 para recolher
2026-10-07 05:55:49  Real Betis: 0 treino(s) a iniciar
2026-10-07 05:55:49  FC Van: 0 treino(s) a iniciar
2026-10-07 05:56:54  Loja: vídeo 1
2026-10-07 05:58:22  Loja: vídeo 2
2026-10-07 05:59:00  Loja: vídeo 3
2026-10-07 06:00:59  Loja: vídeo 4
2026-10-07 06:01:36  Loja: vídeo 5
2026-10-07 06:02:37  Loja: vídeo 6
2026-10-07 06:03:11  Loja: vídeo 7
2026-10-07 06:04:35  Loja: vídeo 8
2026-10-07 06:05:35  Loja: vídeo 9
2026-10-07 06:06:49  Vídeos: erro (training_ads: botão do vídeo de treino não encontrado (TimeoutError)); volto a tentar
2026-10-07 06:06:58  Próxima verificação: loja reabre em 0h49 · treino acaba em 0h54 · estádio acaba em 7h12 · dinheiro reabre em 18h53
2026-10-07 06:16:59  Real Betis: 0 para recolher
2026-10-07 06:16:59  FC Van: 0 para recolher
2026-10-07 06:17:02  Real Betis: 0 treino(s) a iniciar
2026-10-07 06:17:02  FC Van: 0 treino(s) a iniciar
2026-10-07 06:18:20  Vídeos: erro (training_ads: botão do vídeo de treino não encontrado (TimeoutError)); volto a tentar
2026-10-07 06:18:30  Próxima verificação: loja reabre em 0h38 · treino acaba em 0h43 · estádio acaba em 7h01 · dinheiro reabre em 18h41
2026-10-07 06:28:31  Real Betis: 0 para recolher
2026-10-07 06:28:31  FC Van: 0 para recolher
2026-10-07 06:28:34  Real Betis: 0 treino(s) a iniciar
2026-10-07 06:28:34  FC Van: 0 treino(s) a iniciar
2026-10-07 06:29:53  Vídeos: erro (training_ads: botão do vídeo de treino não encontrado (TimeoutError)); volto a tentar
2026-10-07 06:30:02  Próxima verificação: loja reabre em 0h26 · treino acaba em 0h31 · estádio acaba em 6h49 · dinheiro reabre em 18h29
2026-10-07 06:40:03  Real Betis: 0 para recolher
2026-10-07 06:40:03  FC Van: 0 para recolher
2026-10-07 06:40:06  Real Betis: 0 treino(s) a iniciar
2026-10-07 06:40:06  FC Van: 0 treino(s) a iniciar
2026-10-07 06:41:25  Vídeos: erro (training_ads: botão do vídeo de treino não encontrado (TimeoutError)); volto a tentar
2026-10-07 06:41:34  Próxima verificação: loja reabre em 0h15 · treino acaba em 0h20 · estádio acaba em 6h38 · dinheiro reabre em 18h18
2026-10-07 06:51:36  Real Betis: 0 para recolher
2026-10-07 06:51:36  FC Van: 0 para recolher
2026-10-07 06:51:39  Real Betis: 0 treino(s) a iniciar
2026-10-07 06:51:39  FC Van: 0 treino(s) a iniciar
2026-10-07 06:52:57  Vídeos: erro (training_ads: botão do vídeo de treino não encontrado (TimeoutError)); volto a tentar
2026-10-07 06:53:06  Próxima verificação: loja reabre em 0h03 · treino acaba em 0h08 · estádio acaba em 6h26 · dinheiro reabre em 18h06
2026-10-07 06:57:50  Real Betis: 0 para recolher
2026-10-07 06:57:50  FC Van: 0 para recolher
2026-10-07 06:57:53  Real Betis: 0 treino(s) a iniciar
2026-10-07 06:57:53  FC Van: 0 treino(s) a iniciar
2026-10-07 06:58:33  Loja: vídeo 1
2026-10-07 06:59:34  Loja: vídeo 2
2026-10-07 07:00:38  Loja: vídeo 3
2026-10-07 07:01:52  Vídeos: erro (training_ads: botão do vídeo de treino não encontrado (TimeoutError)); volto a tentar
2026-10-07 07:02:01  Próxima verificação: treino acaba em 4h18 · estádio acaba em 6h17 · dinheiro reabre em 17h57
2026-10-07 07:12:10  Real Betis: 4 para recolher
2026-10-07 07:12:10  Donnarumma: recolhido (200, +23)
2026-10-07 07:12:10  Gabriel: recolhido (200, +40)
2026-10-07 07:12:10  Mbeumo: recolhido (200, +33)
2026-10-07 07:12:10  B. Fernandes: recolhido (200, +104)
2026-10-07 07:12:10  FC Van: 0 para recolher
2026-10-07 07:12:20  Real Betis: 4 treino(s) a iniciar
2026-10-07 07:12:20  Haaland (ATA, 26 anos, rating 111): a treinar (200)
2026-10-07 07:12:20  de Jong (MED, 29 anos, rating 100): a treinar (200)
2026-10-07 07:12:20  Gabriel (DEF, 28 anos, rating 103): a treinar (200)
2026-10-07 07:12:20  Donnarumma (GR, 27 anos, rating 111): a treinar (200)
2026-10-07 07:12:20  FC Van: 0 treino(s) a iniciar
2026-10-07 07:13:24  Loja: vídeo 1
2026-10-07 07:15:29  Loja: vídeo 2
2026-10-07 07:16:59  Loja: vídeo 3
2026-10-07 07:18:17  Loja: vídeo 4
2026-10-07 07:19:37  Loja: vídeo 5
2026-10-07 07:21:07  Loja: vídeo 6
2026-10-07 07:21:35  Treino: vídeo 1 (Real Betis, GR)
2026-10-07 07:23:06  Treino: vídeo 2 (Real Betis, DEF)
2026-10-07 07:24:19  Treino: vídeo 3 (Real Betis, MED)
2026-10-07 07:25:14  Treino: vídeo 4 (Real Betis, ATA)
2026-10-07 07:25:24  Próxima verificação: loja reabre em 0h33 · treino acaba em 2h46 · vídeo de treino reabre em 2h56 · estádio acaba em 5h54 · dinheiro reabre em 17h34
2026-10-07 07:55:26  Real Betis: 0 para recolher
2026-10-07 07:55:26  FC Van: 0 para recolher
2026-10-07 07:55:29  Real Betis: 0 treino(s) a iniciar
2026-10-07 07:55:29  FC Van: 0 treino(s) a iniciar
2026-10-07 07:55:45  Próxima verificação: loja reabre em 0h02 · treino acaba em 2h16 · vídeo de treino reabre em 2h25 · estádio acaba em 5h23 · dinheiro reabre em 17h04
2026-10-07 07:59:01  Real Betis: 0 para recolher
2026-10-07 07:59:01  FC Van: 0 para recolher
2026-10-07 07:59:04  Real Betis: 0 treino(s) a iniciar
2026-10-07 07:59:04  FC Van: 0 treino(s) a iniciar
2026-10-07 07:59:23  Loja: vídeo 1
2026-10-07 07:59:34  Próxima verificação: treino acaba em 2h12 · vídeo de treino reabre em 2h21 · estádio acaba em 5h20 · dinheiro reabre em 17h00
