2026-10-08 00:09:22  Bot ligado
2026-10-08 00:09:36  Real Betis: 0 para recolher
2026-10-08 00:09:36  FC Van: 0 para recolher
2026-10-08 00:09:39  Real Betis: 0 treino(s) a iniciar
2026-10-08 00:09:39  FC Van: 0 treino(s) a iniciar
2026-10-08 00:10:02  Loja: vídeo 1
2026-10-08 00:11:16  Loja: vídeo 2
2026-10-08 00:12:41  Loja: vídeo 3
2026-10-08 00:13:48  Loja: vídeo 4
2026-10-08 00:14:59  Loja: vídeo 5
2026-10-08 00:15:47  Loja: vídeo 6
2026-10-08 00:16:36  Loja: vídeo 7
2026-10-08 00:17:24  Loja: vídeo 8
2026-10-08 00:18:37  Loja: vídeo 9
2026-10-08 00:18:38  Treino: janela saltada
2026-10-08 00:18:50  ! Real Betis: R. James (DEF) com 68% de condição; convém descansar 1 jogo
2026-10-08 00:18:50  ! Real Betis: Dimarco (DEF) com 73% de condição; convém descansar 1 jogo
2026-10-08 00:18:50  ! FC Van: K. Koné (MED) com 76% de condição; convém descansar 1 jogo
2026-10-08 00:18:50  ! FC Van: Mendes (DEF) com 76% de condição; convém descansar 1 jogo
2026-10-08 00:18:50  Próxima verificação: dinheiro reabre em 0h41 · vídeos acumulados reabrem em 0h41 · loja reabre em 0h51 · treino acaba em 1h25 · novo dia em 4h41 · estádio acaba em 17h25
2026-10-08 00:27:05  Parado
2026-10-08 00:27:05  Resumo: Desde o arranque (0h17): salto +9 boss coins · vídeos: loja 9 · treino 0 (encurtadas 0 h) · dinheiro 0 · treinos: 0 recolhidos, 0 postos · estádio 0 · patrocinadores 0 · recompensas: início 0, missões 0, vídeos acumulados 0
