2026-10-10 00:27:05  Bot ligado
2026-10-10 00:27:08  Real Betis: 0 para recolher
2026-10-10 00:27:08  FC Van: 0 para recolher
2026-10-10 00:27:09  Real Betis: 0 treino(s) a iniciar
2026-10-10 00:27:09  FC Van: 0 treino(s) a iniciar
2026-10-10 00:27:12  Transferências: Armenia +2 (guardadas 102)
2026-10-10 00:27:12  Transferências: Spain +2 (guardadas 102)
2026-10-10 00:27:13  Loja: janela saltada
2026-10-10 00:27:14  Próxima verificação: dinheiro reabre em 0h32 · vídeos acumulados reabrem em 0h32 · vídeo de treino reabre em 1h14 · treino acaba em 2h41 · novo dia em 4h32 · estádio acaba em 5h18
2026-10-10 00:57:14  Real Betis: 0 para recolher
2026-10-10 00:57:14  FC Van: 0 para recolher
2026-10-10 00:57:15  Real Betis: 0 treino(s) a iniciar
2026-10-10 00:57:15  FC Van: 0 treino(s) a iniciar
2026-10-10 00:57:38  Loja: vídeo 1
2026-10-10 00:58:18  Loja: vídeo 2
2026-10-10 00:59:26  Loja: vídeo 3
2026-10-10 01:00:35  Loja: vídeo 4
2026-10-10 01:02:07  Loja: vídeo 5
2026-10-10 01:02:56  Loja: vídeo 6
2026-10-10 01:04:27  Loja: vídeo 7
2026-10-10 01:05:12  Loja: vídeo 8
2026-10-10 01:06:30  Loja: vídeo 9
2026-10-10 01:06:50  Dinheiro: vídeo 1 (Real Betis)
2026-10-10 01:08:02  Dinheiro: vídeo 2 (Real Betis)
2026-10-10 01:08:59  Dinheiro: vídeo 3 (Real Betis)
2026-10-10 01:09:00  Próxima verificação: vídeo de treino reabre em 0h32 · loja reabre em 0h48 · treino acaba em 1h59 · novo dia em 3h50 · estádio acaba em 4h37 · dinheiro reabre em 23h50
2026-10-10 01:39:00  Real Betis: 0 para recolher
2026-10-10 01:39:00  FC Van: 0 para recolher
2026-10-10 01:39:01  Real Betis: 0 treino(s) a iniciar
2026-10-10 01:39:01  FC Van: 0 treino(s) a iniciar
2026-10-10 01:39:05  Próxima verificação: vídeo de treino reabre em 0h02 · loja reabre em 0h18 · treino acaba em 1h29 · novo dia em 3h20 · estádio acaba em 4h07 · dinheiro reabre em 23h20
2026-10-10 01:41:42  Real Betis: 0 para recolher
2026-10-10 01:41:42  FC Van: 0 para recolher
2026-10-10 01:41:43  Real Betis: 0 treino(s) a iniciar
2026-10-10 01:41:43  FC Van: 0 treino(s) a iniciar
2026-10-10 01:42:12  Treino: vídeo 1 (FC Van, GR)
2026-10-10 01:42:13  Próxima verificação: vídeo de treino reabre em 0h00 · treino acaba em 0h14 · loja reabre em 0h15 · novo dia em 3h17 · estádio acaba em 4h03 · dinheiro reabre em 23h17
2026-10-10 01:43:47  Real Betis: 0 para recolher
2026-10-10 01:43:47  FC Van: 0 para recolher
2026-10-10 01:43:48  Real Betis: 0 treino(s) a iniciar
2026-10-10 01:43:48  FC Van: 0 treino(s) a iniciar
2026-10-10 01:43:50  Vídeos acumulados: troca de posição reclamada e guardada no inventário
2026-10-10 01:44:18  Treino: vídeo 1 (FC Van, DEF)
2026-10-10 01:44:19  Próxima verificação: vídeo de treino reabre em 0h00 · treino acaba em 0h10 · loja reabre em 0h13 · novo dia em 3h15 · estádio acaba em 4h01 · dinheiro reabre em 23h15 · vídeos acumulados reabrem em 23h15
2026-10-10 01:45:05  Real Betis: 0 para recolher
2026-10-10 01:45:05  FC Van: 0 para recolher
2026-10-10 01:45:06  Real Betis: 0 treino(s) a iniciar
2026-10-10 01:45:06  FC Van: 0 treino(s) a iniciar
2026-10-10 01:45:35  Treino: vídeo 1 (FC Van, MED)
2026-10-10 01:45:36  Próxima verificação: vídeo de treino reabre em 0h00 · treino acaba em 0h08 · loja reabre em 0h11 · novo dia em 3h14 · estádio acaba em 4h00 · dinheiro reabre em 23h14 · vídeos acumulados reabrem em 23h14
2026-10-10 01:46:17  Real Betis: 0 para recolher
2026-10-10 01:46:17  FC Van: 0 para recolher
2026-10-10 01:46:18  Real Betis: 0 treino(s) a iniciar
2026-10-10 01:46:18  FC Van: 0 treino(s) a iniciar
2026-10-10 01:46:45  Treino: vídeo 1 (FC Van, ATA)
2026-10-10 01:46:46  Próxima verificação: treino acaba em 0h07 · loja reabre em 0h10 · vídeo de treino reabre em 2h55 · novo dia em 3h13 · estádio acaba em 3h59 · dinheiro reabre em 23h13 · vídeos acumulados reabrem em 23h13
2026-10-10 01:54:51  Real Betis: 0 para recolher
2026-10-10 01:54:51  FC Van: 3 para recolher
2026-10-10 01:54:51  Marmoush: recolhido (200, +46)
2026-10-10 01:54:51  Ndicka: recolhido (200, +53)
2026-10-10 01:54:51  Cherki: recolhido (200, +102)
2026-10-10 01:54:57  Real Betis: 0 treino(s) a iniciar
2026-10-10 01:54:57  FC Van: 3 treino(s) a iniciar
2026-10-10 01:54:57  Marmoush (ATA, 27 anos, rating 107): a treinar (200)
2026-10-10 01:54:57  Cherki (MED, 23 anos, rating 97): a treinar (200)
2026-10-10 01:54:57  Ndicka (DEF, 27 anos, rating 104): a treinar (200)
2026-10-10 01:55:01  Próxima verificação: treino acaba em 0h01 · loja reabre em 0h02 · vídeo de treino reabre em 2h47 · novo dia em 3h04 · estádio acaba em 3h51 · dinheiro reabre em 23h04 · vídeos acumulados reabrem em 23h04
2026-10-10 01:56:46  Real Betis: 0 para recolher
2026-10-10 01:56:46  FC Van: 1 para recolher
2026-10-10 01:56:46  D. Henderson: recolhido (200, +39)
2026-10-10 01:56:48  Real Betis: 0 treino(s) a iniciar
2026-10-10 01:56:48  FC Van: 1 treino(s) a iniciar
2026-10-10 01:56:48  D. Henderson (GR, 29 anos, rating 101): a treinar (200)
2026-10-10 01:56:53  Próxima verificação: loja reabre em 0h00 · treino acaba em 1h11 · vídeo de treino reabre em 2h45 · novo dia em 3h03 · estádio acaba em 3h49 · dinheiro reabre em 23h03 · vídeos acumulados reabrem em 23h03
2026-10-10 01:57:46  Real Betis: 0 para recolher
2026-10-10 01:57:46  FC Van: 0 para recolher
2026-10-10 01:57:47  Real Betis: 0 treino(s) a iniciar
2026-10-10 01:57:47  FC Van: 0 treino(s) a iniciar
2026-10-10 01:57:50  Loja: janela saltada
2026-10-10 01:57:51  Próxima verificação: treino acaba em 1h10 · vídeo de treino reabre em 2h44 · novo dia em 3h02 · estádio acaba em 3h48 · dinheiro reabre em 23h02 · vídeos acumulados reabrem em 23h02
2026-10-10 02:19:43  Parado
2026-10-10 02:19:43  Resumo: Desde o arranque (1h52): salto +9 boss coins · vídeos: loja 9 · treino 4 (encurtadas 8 h) · dinheiro 3 · treinos: 4 recolhidos, 4 postos · estádio 0 · patrocinadores 0 · recompensas: início 0, missões 0, vídeos acumulados 1 · pré-jogo: amigáveis 0, análises 0
2026-10-10 02:23:06  Bot ligado
2026-10-10 02:23:08  Real Betis: 0 para recolher
2026-10-10 02:23:08  FC Van: 0 para recolher
2026-10-10 02:23:09  Real Betis: 0 treino(s) a iniciar
2026-10-10 02:23:09  FC Van: 0 treino(s) a iniciar
2026-10-10 02:23:30  Loja: vídeo 1
2026-10-10 02:24:15  Loja: vídeo 2
2026-10-10 02:25:07  Loja: vídeo 3
2026-10-10 02:26:27  Loja: vídeo 4
2026-10-10 02:27:25  Loja: vídeo 5
2026-10-10 02:28:28  Loja: vídeo 6
2026-10-10 02:29:46  Loja: vídeo 7
2026-10-10 02:31:12  Loja: vídeo 8
2026-10-10 02:32:32  Loja: vídeo 9
2026-10-10 02:32:33  Próxima verificação: treino acaba em 0h36 · loja reabre em 0h50 · vídeo de treino reabre em 2h09 · novo dia em 2h27 · estádio acaba em 3h13 · dinheiro reabre em 22h27 · vídeos acumulados reabrem em 22h27
2026-10-10 02:40:07  Parado
2026-10-10 02:40:07  Resumo: Desde o arranque (0h17): salto +9 boss coins · vídeos: loja 9 · treino 0 (encurtadas 0 h) · dinheiro 0 · treinos: 0 recolhidos, 0 postos · estádio 0 · patrocinadores 0 · recompensas: início 0, missões 0, vídeos acumulados 0 · pré-jogo: amigáveis 0, análises 0
2026-10-10 02:44:11  Bot ligado
2026-10-10 02:44:13  Real Betis: 0 para recolher
2026-10-10 02:44:13  FC Van: 0 para recolher
2026-10-10 02:44:14  Real Betis: 0 treino(s) a iniciar
2026-10-10 02:44:14  FC Van: 0 treino(s) a iniciar
2026-10-10 02:44:18  Próxima verificação: treino acaba em 0h24 · loja reabre em 0h39 · vídeo de treino reabre em 1h57 · novo dia em 2h15 · estádio acaba em 3h01 · dinheiro reabre em 22h15 · vídeos acumulados reabrem em 22h15
2026-10-10 02:59:20  Parado
2026-10-10 02:59:20  Resumo: Desde o arranque (0h15): salto +0 boss coins · vídeos: loja 0 · treino 0 (encurtadas 0 h) · dinheiro 0 · treinos: 0 recolhidos, 0 postos · estádio 0 · patrocinadores 0 · recompensas: início 0, missões 0, vídeos acumulados 0 · pré-jogo: amigáveis 0, análises 0
2026-10-10 03:06:59  Bot ligado
2026-10-10 03:07:01  Real Betis: 0 para recolher
2026-10-10 03:07:01  FC Van: 0 para recolher
2026-10-10 03:07:02  Real Betis: 0 treino(s) a iniciar
2026-10-10 03:07:02  FC Van: 0 treino(s) a iniciar
2026-10-10 03:07:06  Próxima verificação: treino acaba em 0h01 · loja reabre em 0h16 · vídeo de treino reabre em 1h35 · novo dia em 1h52 · estádio acaba em 2h39 · dinheiro reabre em 21h52 · vídeos acumulados reabrem em 21h52
2026-10-10 03:09:48  Real Betis: 1 para recolher
2026-10-10 03:09:48  Haaland: recolhido (200, +13)
2026-10-10 03:09:48  FC Van: 0 para recolher
2026-10-10 03:09:50  Real Betis: 1 treino(s) a iniciar
2026-10-10 03:09:50  Haaland (ATA, 26 anos, rating 113): a treinar (200)
2026-10-10 03:09:50  FC Van: 0 treino(s) a iniciar
2026-10-10 03:09:55  Próxima verificação: loja reabre em 0h13 · treino acaba em 0h43 · vídeo de treino reabre em 1h32 · novo dia em 1h50 · estádio acaba em 2h36 · dinheiro reabre em 21h50 · vídeos acumulados reabrem em 21h50
2026-10-10 03:23:35  Real Betis: 0 para recolher
2026-10-10 03:23:35  FC Van: 0 para recolher
2026-10-10 03:23:36  Real Betis: 0 treino(s) a iniciar
2026-10-10 03:23:36  FC Van: 0 treino(s) a iniciar
2026-10-10 03:23:56  Loja: vídeo 1
2026-10-10 03:23:58  Próxima verificação: loja reabre em 0h00 · treino acaba em 0h29 · vídeo de treino reabre em 1h18 · novo dia em 1h36 · estádio acaba em 2h22 · dinheiro reabre em 21h36 · vídeos acumulados reabrem em 21h36
2026-10-10 03:24:41  Real Betis: 0 para recolher
2026-10-10 03:24:41  FC Van: 0 para recolher
2026-10-10 03:24:42  Real Betis: 0 treino(s) a iniciar
2026-10-10 03:24:42  FC Van: 0 treino(s) a iniciar
2026-10-10 03:24:45  Loja: janela saltada
2026-10-10 03:24:46  Próxima verificação: treino acaba em 0h28 · vídeo de treino reabre em 1h17 · novo dia em 1h35 · estádio acaba em 2h21 · dinheiro reabre em 21h35 · vídeos acumulados reabrem em 21h35
2026-10-10 03:27:59  Parado
2026-10-10 03:27:59  Resumo: Desde o arranque (0h21): salto +1 boss coins · vídeos: loja 1 · treino 0 (encurtadas 0 h) · dinheiro 0 · treinos: 1 recolhidos, 1 postos · estádio 0 · patrocinadores 0 · recompensas: início 0, missões 0, vídeos acumulados 0 · pré-jogo: amigáveis 0, análises 0
2026-10-10 03:33:40  Bot ligado
2026-10-10 03:33:44  Real Betis: 0 para recolher
2026-10-10 03:33:44  FC Van: 0 para recolher
2026-10-10 03:33:44  Real Betis: 0 treino(s) a iniciar
2026-10-10 03:33:44  FC Van: 0 treino(s) a iniciar
2026-10-10 03:34:06  Loja: vídeo 1
2026-10-10 03:35:10  Loja: vídeo 2
2026-10-10 03:36:34  Loja: vídeo 3
2026-10-10 03:37:23  Loja: vídeo 4
2026-10-10 03:38:40  Loja: vídeo 5
2026-10-10 03:40:10  Loja: vídeo 6
2026-10-10 03:40:58  Loja: vídeo 7
2026-10-10 03:42:20  Loja: vídeo 8
2026-10-10 03:42:21  Próxima verificação: treino acaba em 0h10 · loja reabre em 0h41 · vídeo de treino reabre em 0h59 · novo dia em 1h17 · estádio acaba em 2h03 · dinheiro reabre em 21h17 · vídeos acumulados reabrem em 21h17
2026-10-10 03:42:56  Parado
2026-10-10 03:42:56  Resumo: Desde o arranque (0h09): salto +8 boss coins · vídeos: loja 8 · treino 0 (encurtadas 0 h) · dinheiro 0 · treinos: 0 recolhidos, 0 postos · estádio 0 · patrocinadores 0 · recompensas: início 0, missões 0, vídeos acumulados 0 · pré-jogo: amigáveis 0, análises 0
2026-10-10 03:47:39  Bot ligado
2026-10-10 03:47:42  Real Betis: 0 para recolher
2026-10-10 03:47:42  FC Van: 0 para recolher
2026-10-10 03:47:43  Real Betis: 0 treino(s) a iniciar
2026-10-10 03:47:43  FC Van: 0 treino(s) a iniciar
2026-10-10 03:47:47  Próxima verificação: treino acaba em 0h05 · loja reabre em 0h36 · vídeo de treino reabre em 0h54 · novo dia em 1h12 · estádio acaba em 1h58 · dinheiro reabre em 21h12 · vídeos acumulados reabrem em 21h12
