2026-10-06 00:20:36  Modo ativo ligado. Ctrl+C para parar.
2026-10-06 00:20:43  [0] Real Betis: 0 pronto(s) a recolher
2026-10-06 00:20:43  [1] FC Van: 0 pronto(s) a recolher
2026-10-06 00:20:46  [0] Real Betis: 0 treino(s) a pôr
2026-10-06 00:20:46  [1] FC Van: 0 treino(s) a pôr
2026-10-06 00:21:01  Anuncios da loja: video 1 visto.
2026-10-06 00:22:22  Anuncios da loja: video 2 visto.
2026-10-06 00:22:46  Videos de treino: 1 visto(s) (FC Van, treinador 3).
2026-10-06 00:23:54  Videos de treino: 2 visto(s) (FC Van, treinador 2).
2026-10-06 00:25:26  Anuncios: falhou (training_ads: nao consegui chegar ao botao do video de treino (TimeoutError)) [1/2].
2026-10-06 00:25:32  A espera loja reabre em 0h14 · treino acaba em 1h22.
2026-10-06 00:40:51  [0] Real Betis: 0 pronto(s) a recolher
2026-10-06 00:40:51  [1] FC Van: 0 pronto(s) a recolher
2026-10-06 00:40:54  [0] Real Betis: 0 treino(s) a pôr
2026-10-06 00:40:54  [1] FC Van: 0 treino(s) a pôr
2026-10-06 00:41:06  Anuncios da loja: video 1 visto.
2026-10-06 00:41:07  Videos de treino: janela aberta, salto esta vez (de proposito).
2026-10-06 00:41:13  A espera loja reabre em 0h00 · treino acaba em 1h06.
2026-10-06 00:42:12  [0] Real Betis: 0 pronto(s) a recolher
2026-10-06 00:42:12  [1] FC Van: 0 pronto(s) a recolher
2026-10-06 00:42:15  [0] Real Betis: 0 treino(s) a pôr
2026-10-06 00:42:15  [1] FC Van: 0 treino(s) a pôr
2026-10-06 00:42:27  Anuncios da loja: video 1 visto.
2026-10-06 00:42:28  Videos de treino: janela aberta, salto esta vez (de proposito).
2026-10-06 00:42:33  A espera loja reabre em 0h07 · treino acaba em 1h05.
2026-10-06 00:50:46  [0] Real Betis: 0 pronto(s) a recolher
2026-10-06 00:50:46  [1] FC Van: 0 pronto(s) a recolher
2026-10-06 00:50:49  [0] Real Betis: 0 treino(s) a pôr
2026-10-06 00:50:49  [1] FC Van: 0 treino(s) a pôr
2026-10-06 00:51:02  Anuncios da loja: video 1 visto.
2026-10-06 00:51:45  Anuncios: falhou (training_ads: nao consegui chegar ao botao do video de treino (TimeoutError)) [1/2].
2026-10-06 00:51:51  A espera treino acaba em 0h56.
2026-10-06 00:52:52  Simulação (uma passagem)
2026-10-06 00:53:05  Simulação: próxima verificação em 0h30
2026-10-06 00:56:36  Simulação (uma passagem)
2026-10-06 00:56:44  Simulação: veria vídeos da loja
2026-10-06 00:56:45  Treino: janela saltada
2026-10-06 00:56:52  Simulação: próxima verificação em 0h03
2026-10-06 01:13:29  Modo ativo ligado. Ctrl+C para parar.
2026-10-06 01:13:36  [0] Real Betis: 0 pronto(s) a recolher
2026-10-06 01:13:36  [1] FC Van: 0 pronto(s) a recolher
2026-10-06 01:13:39  [0] Real Betis: 0 treino(s) a pôr
2026-10-06 01:13:39  [1] FC Van: 0 treino(s) a pôr
2026-10-06 01:13:59  Anuncios da loja: video 1 visto.
