2026-10-07 09:08:16  Bot ligado
2026-10-07 09:08:35  Real Betis: 0 para recolher
2026-10-07 09:08:35  FC Van: 0 para recolher
2026-10-07 09:08:40  Real Betis: 0 treino(s) a iniciar
2026-10-07 09:08:40  FC Van: 0 treino(s) a iniciar
2026-10-07 09:09:21  Loja: vídeo 1
2026-10-07 09:10:29  Loja: vídeo 2
2026-10-07 09:11:42  Loja: vídeo 3
2026-10-07 09:13:01  Loja: vídeo 4
2026-10-07 09:14:43  Loja: vídeo 5
2026-10-07 09:16:08  Loja: vídeo 6
2026-10-07 09:17:15  Loja: vídeo 7
2026-10-07 09:18:52  Loja: vídeo 8
2026-10-07 09:20:32  Loja: vídeo 9
2026-10-07 09:20:50  ! Real Betis: Haaland (ATA) com 71% de condição; convém descansar 1 jogo
2026-10-07 09:20:50  ! Real Betis: R. James (DEF) com 71% de condição; convém descansar 1 jogo
2026-10-07 09:20:50  ! Real Betis: Dimarco (DEF) com 75% de condição; convém descansar 1 jogo
2026-10-07 09:20:50  ! Real Betis: Pacho (DEF) com 78% de condição; convém descansar 1 jogo
2026-10-07 09:20:50  ! FC Van: Livakovic (GR) com 70% de condição; convém descansar 1 jogo
2026-10-07 09:20:50  ! FC Van: Gyökeres (ATA) com 72% de condição; convém descansar 1 jogo
2026-10-07 09:20:50  ! FC Van: Mendes (DEF) com 79% de condição; convém descansar 1 jogo
2026-10-07 09:20:50  Próxima verificação: loja reabre em 0h48 · treino acaba em 0h51 · vídeo de treino reabre em 1h00 · estádio acaba em 3h58 · dinheiro reabre em 15h39
2026-10-07 09:50:53  Real Betis: 0 para recolher
2026-10-07 09:50:53  FC Van: 0 para recolher
2026-10-07 09:50:58  Real Betis: 0 treino(s) a iniciar
2026-10-07 09:50:58  FC Van: 0 treino(s) a iniciar
2026-10-07 09:51:24  Próxima verificação: loja reabre em 0h17 · treino acaba em 0h20 · vídeo de treino reabre em 0h30 · estádio acaba em 3h28 · dinheiro reabre em 15h08
2026-10-07 10:10:10  Real Betis: 0 para recolher
2026-10-07 10:10:10  FC Van: 0 para recolher
2026-10-07 10:10:15  Real Betis: 0 treino(s) a iniciar
2026-10-07 10:10:15  FC Van: 0 treino(s) a iniciar
2026-10-07 10:10:24  Loja: janela saltada
2026-10-07 10:10:44  Próxima verificação: treino acaba em 0h01 · vídeo de treino reabre em 0h10 · estádio acaba em 3h08 · dinheiro reabre em 14h49
2026-10-07 10:12:45  Real Betis: 4 para recolher
2026-10-07 10:12:45  de Jong: recolhido (200, +58)
2026-10-07 10:12:45  Haaland: recolhido (200, +19)
2026-10-07 10:12:45  Donnarumma: recolhido (200, +20)
2026-10-07 10:12:45  Gabriel: recolhido (200, +38)
2026-10-07 10:12:45  FC Van: 0 para recolher
2026-10-07 10:12:59  Real Betis: 4 treino(s) a iniciar
2026-10-07 10:12:59  Haaland (ATA, 26 anos, rating 111): a treinar (200)
2026-10-07 10:12:59  de Jong (MED, 29 anos, rating 101): a treinar (200)
2026-10-07 10:12:59  Gabriel (DEF, 28 anos, rating 104): a treinar (200)
2026-10-07 10:12:59  Donnarumma (GR, 27 anos, rating 111): a treinar (200)
2026-10-07 10:12:59  FC Van: 0 treino(s) a iniciar
2026-10-07 10:13:32  Loja: vídeo 1
2026-10-07 10:15:02  Loja: vídeo 2
2026-10-07 10:16:28  Loja: vídeo 3
2026-10-07 10:17:55  Loja: vídeo 4
2026-10-07 10:18:57  Loja: vídeo 5
2026-10-07 10:20:16  Loja: vídeo 6
2026-10-07 10:21:33  Loja: vídeo 7
2026-10-07 10:22:39  Loja: vídeo 8
2026-10-07 10:23:39  Loja: vídeo 9
2026-10-07 10:25:05  Vídeos: erro (training_ads: botão do vídeo de treino não encontrado (TimeoutError)); volto a tentar
2026-10-07 10:25:22  Próxima verificação: loja reabre em 0h48 · treino acaba em 0h54 · estádio acaba em 2h54 · dinheiro reabre em 14h34
2026-10-07 10:35:24  Real Betis: 0 para recolher
2026-10-07 10:35:24  FC Van: 0 para recolher
2026-10-07 10:35:29  Real Betis: 0 treino(s) a iniciar
2026-10-07 10:35:29  FC Van: 0 treino(s) a iniciar
2026-10-07 10:35:33  ! Real Betis: 1 slot(s) de venda livre(s) (3/4)
2026-10-07 10:37:00  Vídeos: erro (training_ads: botão do vídeo de treino não encontrado (TimeoutError)); volto a tentar
2026-10-07 10:37:14  Próxima verificação: loja reabre em 0h36 · treino acaba em 0h42 · estádio acaba em 2h42 · dinheiro reabre em 14h22
2026-10-07 11:15:47  Real Betis: 0 para recolher
2026-10-07 11:15:47  FC Van: 0 para recolher
2026-10-07 11:15:54  Real Betis: 0 treino(s) a iniciar
2026-10-07 11:17:57  Bot ligado
2026-10-07 11:18:15  Real Betis: 0 para recolher
2026-10-07 11:18:15  FC Van: 0 para recolher
2026-10-07 11:18:20  Real Betis: 0 treino(s) a iniciar
2026-10-07 11:18:20  FC Van: 0 treino(s) a iniciar
2026-10-07 11:18:25  ! Real Betis: 1 slot(s) de venda livre(s) (3/4)
2026-10-07 11:19:04  Loja: vídeo 1
2026-10-07 11:20:28  Loja: vídeo 2
2026-10-07 11:21:20  Loja: vídeo 3
2026-10-07 11:23:03  Loja: vídeo 4
2026-10-07 11:37:54  Bot ligado
2026-10-07 11:38:23  Real Betis: 0 para recolher
2026-10-07 11:38:23  FC Van: 4 para recolher
2026-10-07 11:38:23  K. Koné: recolhido (200, +64)
2026-10-07 11:38:23  Knauff: recolhido (200, +67)
2026-10-07 11:38:23  Murillo: recolhido (200, +117)
2026-10-07 11:38:23  Léo Jardim: recolhido (200, +65)
2026-10-07 11:38:49  Real Betis: 0 treino(s) a iniciar
2026-10-07 11:38:49  FC Van: 4 treino(s) a iniciar
2026-10-07 11:38:49  Knauff (ATA, 24 anos, rating 80): a treinar (200)
2026-10-07 11:38:49  K. Koné (MED, 25 anos, rating 92): a treinar (200)
2026-10-07 11:38:49  Murillo (DEF, 24 anos, rating 90): a treinar (200)
2026-10-07 11:38:49  Léo Jardim (GR, 31 anos, rating 82): a treinar (200)
2026-10-07 11:40:36  Loja: vídeo 1
2026-10-07 11:42:07  Loja: vídeo 2
2026-10-07 11:43:14  Loja: vídeo 3
2026-10-07 11:44:34  Loja: vídeo 4
2026-10-07 11:45:58  Vídeos: erro (training_ads: botão do vídeo de treino não encontrado (TimeoutError)); volto a tentar
2026-10-07 11:46:15  ! Real Betis: Haaland (ATA) com 71% de condição; convém descansar 1 jogo
2026-10-07 11:46:15  ! Real Betis: R. James (DEF) com 71% de condição; convém descansar 1 jogo
2026-10-07 11:46:15  ! Real Betis: Dimarco (DEF) com 75% de condição; convém descansar 1 jogo
2026-10-07 11:46:15  ! Real Betis: Pacho (DEF) com 78% de condição; convém descansar 1 jogo
2026-10-07 11:46:15  ! FC Van: Livakovic (GR) com 70% de condição; convém descansar 1 jogo
2026-10-07 11:46:15  ! FC Van: Gyökeres (ATA) com 72% de condição; convém descansar 1 jogo
2026-10-07 11:46:15  ! FC Van: Mendes (DEF) com 79% de condição; convém descansar 1 jogo
2026-10-07 11:46:15  Próxima verificação: loja reabre em 0h32 · estádio acaba em 1h33 · treino acaba em 3h26 · dinheiro reabre em 13h13
2026-10-07 11:56:17  Real Betis: 0 para recolher
2026-10-07 11:56:17  FC Van: 0 para recolher
2026-10-07 11:56:23  Real Betis: 0 treino(s) a iniciar
2026-10-07 11:56:23  FC Van: 0 treino(s) a iniciar
2026-10-07 11:59:59  Bot ligado
2026-10-07 12:00:18  Real Betis: 0 para recolher
2026-10-07 12:00:18  FC Van: 0 para recolher
2026-10-07 12:00:23  Real Betis: 0 treino(s) a iniciar
2026-10-07 12:00:23  FC Van: 0 treino(s) a iniciar
2026-10-07 12:00:47  Parado
2026-10-07 12:00:47  Resumo: Desde o arranque (0h00): salto +0 boss coins · vídeos: loja 0 · treino 0 (encurtadas 0 h) · dinheiro 0 · treinos: 0 recolhidos, 0 postos · estádio 0 · patrocinadores 0
2026-10-07 12:01:28  Bot ligado
2026-10-07 12:01:46  Real Betis: 0 para recolher
2026-10-07 12:01:46  FC Van: 0 para recolher
2026-10-07 12:01:52  Real Betis: 0 treino(s) a iniciar
2026-10-07 12:01:52  FC Van: 0 treino(s) a iniciar
2026-10-07 12:03:28  Vídeos: erro (training_ads: botão do vídeo de treino não encontrado (TimeoutError)); volto a tentar
2026-10-07 12:03:55  ! Real Betis: Haaland (ATA) com 71% de condição; convém descansar 1 jogo
2026-10-07 12:03:55  ! Real Betis: R. James (DEF) com 71% de condição; convém descansar 1 jogo
2026-10-07 12:03:55  ! Real Betis: Dimarco (DEF) com 75% de condição; convém descansar 1 jogo
2026-10-07 12:03:55  ! Real Betis: Pacho (DEF) com 78% de condição; convém descansar 1 jogo
2026-10-07 12:03:55  ! FC Van: Livakovic (GR) com 70% de condição; convém descansar 1 jogo
2026-10-07 12:03:55  ! FC Van: Gyökeres (ATA) com 72% de condição; convém descansar 1 jogo
2026-10-07 12:03:55  ! FC Van: Mendes (DEF) com 79% de condição; convém descansar 1 jogo
2026-10-07 12:03:55  Próxima verificação: loja reabre em 0h15 · estádio acaba em 1h15 · treino acaba em 3h08 · dinheiro reabre em 12h56
2026-10-07 12:52:37  Bot ligado
2026-10-07 12:52:55  Real Betis: 0 para recolher
2026-10-07 12:52:55  FC Van: 0 para recolher
2026-10-07 12:53:01  Real Betis: 0 treino(s) a iniciar
2026-10-07 12:53:01  FC Van: 0 treino(s) a iniciar
2026-10-07 13:51:10  Bot ligado
2026-10-07 13:51:36  Real Betis: 1 para recolher
2026-10-07 13:51:36  Haaland: recolhido (200, +18)
2026-10-07 13:51:36  FC Van: 0 para recolher
2026-10-07 13:51:43  Real Betis: 1 treino(s) a iniciar
2026-10-07 13:51:43  Haaland (ATA, 26 anos, rating 111): a treinar (200)
2026-10-07 13:51:43  FC Van: 0 treino(s) a iniciar
2026-10-07 13:52:14  FC Van: campo: melhoria iniciada
2026-10-07 13:53:09  Loja: vídeo 1
2026-10-07 13:54:40  Loja: vídeo 2
2026-10-07 13:56:11  Loja: vídeo 3
2026-10-07 13:57:41  Loja: vídeo 4
2026-10-07 13:59:14  Loja: vídeo 5
2026-10-07 14:00:45  Loja: vídeo 6
2026-10-07 14:02:28  Loja: vídeo 7
2026-10-07 14:03:32  Loja: vídeo 8
2026-10-07 14:05:07  Loja: vídeo 9
2026-10-07 14:06:30  Vídeos: erro (training_ads: botão do vídeo de treino não encontrado (TimeoutError)); volto a tentar
2026-10-07 14:06:48  ! Real Betis: Haaland (ATA) com 71% de condição; convém descansar 1 jogo
2026-10-07 14:06:48  ! Real Betis: R. James (DEF) com 71% de condição; convém descansar 1 jogo
2026-10-07 14:06:48  ! Real Betis: Dimarco (DEF) com 75% de condição; convém descansar 1 jogo
2026-10-07 14:06:48  ! Real Betis: Pacho (DEF) com 78% de condição; convém descansar 1 jogo
2026-10-07 14:06:48  ! FC Van: Livakovic (GR) com 70% de condição; convém descansar 1 jogo
2026-10-07 14:06:48  ! FC Van: Gyökeres (ATA) com 72% de condição; convém descansar 1 jogo
2026-10-07 14:06:48  ! FC Van: Mendes (DEF) com 79% de condição; convém descansar 1 jogo
2026-10-07 14:06:48  Próxima verificação: loja reabre em 0h46 · treino acaba em 1h06 · estádio acaba em 3h45 · dinheiro reabre em 10h53 · vídeos acumulados reabrem em 10h53 · novo dia em 14h53
2026-10-07 14:16:50  Real Betis: 0 para recolher
2026-10-07 14:16:50  FC Van: 0 para recolher
2026-10-07 14:16:55  Real Betis: 0 treino(s) a iniciar
2026-10-07 14:16:55  FC Van: 0 treino(s) a iniciar
2026-10-07 14:18:32  Vídeos: erro (training_ads: botão do vídeo de treino não encontrado (TimeoutError)); volto a tentar
2026-10-07 14:18:49  Próxima verificação: loja reabre em 0h34 · treino acaba em 0h54 · estádio acaba em 3h33 · dinheiro reabre em 10h41 · vídeos acumulados reabrem em 10h41 · novo dia em 14h41
2026-10-07 14:28:51  Real Betis: 0 para recolher
2026-10-07 14:28:51  FC Van: 0 para recolher
2026-10-07 14:28:57  Real Betis: 0 treino(s) a iniciar
2026-10-07 14:28:57  FC Van: 0 treino(s) a iniciar
2026-10-07 14:29:01  ! FC Van: 1 slot(s) de venda livre(s) (3/4)
2026-10-07 14:30:38  Vídeos: erro (training_ads: botão do vídeo de treino não encontrado (TimeoutError)); volto a tentar
2026-10-07 14:30:57  Próxima verificação: loja reabre em 0h22 · treino acaba em 0h41 · estádio acaba em 3h21 · dinheiro reabre em 10h29 · vídeos acumulados reabrem em 10h29 · novo dia em 14h29
2026-10-07 14:40:59  Real Betis: 0 para recolher
2026-10-07 14:40:59  FC Van: 0 para recolher
2026-10-07 14:41:04  Real Betis: 0 treino(s) a iniciar
2026-10-07 14:41:04  FC Van: 0 treino(s) a iniciar
2026-10-07 14:42:43  Vídeos: erro (training_ads: botão do vídeo de treino não encontrado (TimeoutError)); volto a tentar
2026-10-07 14:43:00  Próxima verificação: loja reabre em 0h10 · treino acaba em 0h29 · estádio acaba em 3h09 · dinheiro reabre em 10h16 · vídeos acumulados reabrem em 10h16 · novo dia em 14h16
2026-10-07 14:53:02  Real Betis: 0 para recolher
2026-10-07 14:53:03  FC Van: 0 para recolher
2026-10-07 14:53:08  Real Betis: 0 treino(s) a iniciar
2026-10-07 14:53:08  FC Van: 0 treino(s) a iniciar
2026-10-07 14:53:49  Loja: vídeo 1
2026-10-07 14:55:46  Vídeos: erro (training_ads: botão do vídeo de treino não encontrado (TimeoutError)); volto a tentar
2026-10-07 14:56:22  Próxima verificação: treino acaba em 0h16 · estádio acaba em 2h55 · dinheiro reabre em 10h03 · vídeos acumulados reabrem em 10h03 · novo dia em 14h03
2026-10-07 15:06:24  Real Betis: 0 para recolher
2026-10-07 15:06:24  FC Van: 0 para recolher
2026-10-07 15:06:29  Real Betis: 0 treino(s) a iniciar
2026-10-07 15:06:29  FC Van: 0 treino(s) a iniciar
2026-10-07 15:06:43  Loja: janela saltada
2026-10-07 15:06:45  Treino: sem sessões com 2h ou mais
2026-10-07 15:07:05  Próxima verificação: treino acaba em 0h05 · estádio acaba em 3h53 · dinheiro reabre em 9h52 · vídeos acumulados reabrem em 9h52 · novo dia em 13h52
2026-10-07 15:13:37  Real Betis: 3 para recolher
2026-10-07 15:13:37  de Jong: recolhido (200, +43)
2026-10-07 15:13:37  Donnarumma: recolhido (200, +28)
2026-10-07 15:13:37  Gabriel: recolhido (200, +55)
2026-10-07 15:13:37  FC Van: 0 para recolher
2026-10-07 15:13:48  Real Betis: 3 treino(s) a iniciar
2026-10-07 15:13:48  de Jong (MED, 29 anos, rating 101): a treinar (200)
2026-10-07 15:13:48  Gabriel (DEF, 28 anos, rating 104): a treinar (200)
2026-10-07 15:13:48  Donnarumma (GR, 27 anos, rating 111): a treinar (200)
2026-10-07 15:13:48  FC Van: 0 treino(s) a iniciar
2026-10-07 15:15:15  Loja: vídeo 1
2026-10-07 15:17:10  Loja: vídeo 2
2026-10-07 15:18:53  Loja: vídeo 3
2026-10-07 15:20:18  Loja: vídeo 4
2026-10-07 15:21:12  Loja: vídeo 5
2026-10-07 15:22:19  Loja: vídeo 6
2026-10-07 15:23:59  Loja: vídeo 7
2026-10-07 15:25:43  Loja: vídeo 8
2026-10-07 15:25:45  Treino: janela saltada
2026-10-07 15:26:06  Próxima verificação: loja reabre em 0h27 · treino acaba em 1h12 · estádio acaba em 3h34 · dinheiro reabre em 9h33 · vídeos acumulados reabrem em 9h33 · novo dia em 13h33
2026-10-07 15:53:58  Real Betis: 0 para recolher
2026-10-07 15:53:58  FC Van: 0 para recolher
2026-10-07 15:54:03  Real Betis: 0 treino(s) a iniciar
2026-10-07 15:54:03  FC Van: 0 treino(s) a iniciar
2026-10-07 15:55:01  Loja: vídeo 1
2026-10-07 15:56:25  Vídeos: erro (training_ads: botão do vídeo de treino não encontrado (TimeoutError)); volto a tentar
2026-10-07 15:56:42  Próxima verificação: loja reabre em 0h18 · treino acaba em 0h41 · estádio acaba em 3h03 · dinheiro reabre em 9h03 · vídeos acumulados reabrem em 9h03 · novo dia em 13h03
2026-10-07 16:06:43  Real Betis: 0 para recolher
2026-10-07 16:06:43  FC Van: 0 para recolher
2026-10-07 16:06:48  Real Betis: 0 treino(s) a iniciar
2026-10-07 16:06:49  FC Van: 0 treino(s) a iniciar
2026-10-07 16:07:03  Treino: janela saltada
2026-10-07 16:07:21  Próxima verificação: loja reabre em 0h07 · treino acaba em 0h31 · estádio acaba em 2h53 · dinheiro reabre em 8h52 · vídeos acumulados reabrem em 8h52 · novo dia em 12h52
2026-10-07 16:15:54  Real Betis: 0 para recolher
2026-10-07 16:15:54  FC Van: 0 para recolher
2026-10-07 16:15:58  Real Betis: 0 treino(s) a iniciar
2026-10-07 16:15:58  FC Van: 0 treino(s) a iniciar
2026-10-07 16:16:39  Loja: vídeo 1
2026-10-07 16:18:03  Vídeos: erro (training_ads: botão do vídeo de treino não encontrado (TimeoutError)); volto a tentar
2026-10-07 16:18:19  Próxima verificação: treino acaba em 0h20 · estádio acaba em 2h42 · dinheiro reabre em 8h41 · vídeos acumulados reabrem em 8h41 · novo dia em 12h41
2026-10-07 16:28:21  Real Betis: 0 para recolher
2026-10-07 16:28:21  FC Van: 0 para recolher
2026-10-07 16:28:26  Real Betis: 0 treino(s) a iniciar
2026-10-07 16:28:26  FC Van: 0 treino(s) a iniciar
2026-10-07 16:28:30  ! FC Van: 1 slot(s) de venda livre(s) (3/4)
2026-10-07 16:29:24  Loja: vídeo 1
2026-10-07 16:30:21  Loja: vídeo 2
2026-10-07 16:31:39  Loja: vídeo 3
2026-10-07 16:32:39  Loja: vídeo 4
2026-10-07 16:33:39  Loja: vídeo 5
2026-10-07 16:34:49  Loja: vídeo 6
2026-10-07 16:36:16  Loja: vídeo 7
2026-10-07 16:37:40  Vídeos: erro (training_ads: botão do vídeo de treino não encontrado (TimeoutError)); volto a tentar
2026-10-07 16:37:57  Próxima verificação: treino acaba em 0h00 · loja reabre em 0h17 · estádio acaba em 2h22 · dinheiro reabre em 8h22 · vídeos acumulados reabrem em 8h22 · novo dia em 12h22
2026-10-07 16:39:23  Real Betis: 0 para recolher
2026-10-07 16:39:23  FC Van: 4 para recolher
2026-10-07 16:39:23  K. Koné: recolhido (200, +71)
2026-10-07 16:39:23  Knauff: recolhido (200, +64)
2026-10-07 16:39:23  Murillo: recolhido (200, +64)
2026-10-07 16:39:23  Léo Jardim: recolhido (200, +72)
2026-10-07 16:39:36  Real Betis: 0 treino(s) a iniciar
2026-10-07 16:39:36  FC Van: 4 treino(s) a iniciar
2026-10-07 16:39:36  Sesko (ATA, 23 anos, rating 93): a treinar (200)
2026-10-07 16:39:36  K. Koné (MED, 25 anos, rating 92): a treinar (200)
2026-10-07 16:39:36  Murillo (DEF, 24 anos, rating 91): a treinar (200)
2026-10-07 16:39:36  Léo Jardim (GR, 31 anos, rating 83): a treinar (200)
2026-10-07 16:41:34  Vídeos: erro (training_ads: botão do vídeo de treino não encontrado (TimeoutError)); volto a tentar
2026-10-07 16:41:50  Próxima verificação: treino acaba em 0h09 · loja reabre em 0h13 · estádio acaba em 2h18 · dinheiro reabre em 8h18 · vídeos acumulados reabrem em 8h18 · novo dia em 12h18
2026-10-07 16:51:55  Real Betis: 1 para recolher
2026-10-07 16:51:55  Haaland: recolhido (200, +15)
2026-10-07 16:51:55  FC Van: 0 para recolher
2026-10-07 16:52:02  Real Betis: 1 treino(s) a iniciar
2026-10-07 16:52:02  Haaland (ATA, 26 anos, rating 111): a treinar (200)
2026-10-07 16:52:02  FC Van: 0 treino(s) a iniciar
2026-10-07 16:53:58  Vídeos: erro (training_ads: botão do vídeo de treino não encontrado (TimeoutError)); volto a tentar
2026-10-07 16:54:16  Próxima verificação: loja reabre em 0h00 · estádio acaba em 2h06 · treino acaba em 3h19 · dinheiro reabre em 8h05 · vídeos acumulados reabrem em 8h05 · novo dia em 12h05
2026-10-07 16:55:23  Real Betis: 0 para recolher
2026-10-07 16:55:23  FC Van: 0 para recolher
2026-10-07 16:55:40  Real Betis: 0 treino(s) a iniciar
2026-10-07 16:55:40  FC Van: 0 treino(s) a iniciar
2026-10-07 16:57:14  Loja: vídeo 1
2026-10-07 16:58:40  Vídeos: erro (training_ads: botão do vídeo de treino não encontrado (TimeoutError)); volto a tentar
2026-10-07 16:58:58  Próxima verificação: loja reabre em 0h17 · estádio acaba em 2h01 · treino acaba em 3h14 · dinheiro reabre em 8h01 · vídeos acumulados reabrem em 8h01 · novo dia em 12h01
2026-10-07 17:09:00  Real Betis: 0 para recolher
2026-10-07 17:09:00  FC Van: 0 para recolher
2026-10-07 17:09:05  Real Betis: 0 treino(s) a iniciar
2026-10-07 17:09:05  FC Van: 0 treino(s) a iniciar
2026-10-07 17:10:42  Vídeos: erro (training_ads: botão do vídeo de treino não encontrado (TimeoutError)); volto a tentar
2026-10-07 17:11:00  Próxima verificação: loja reabre em 0h05 · estádio acaba em 1h49 · treino acaba em 3h02 · dinheiro reabre em 7h48 · vídeos acumulados reabrem em 7h48 · novo dia em 11h48
2026-10-07 17:16:49  Real Betis: 0 para recolher
2026-10-07 17:16:49  FC Van: 0 para recolher
2026-10-07 17:16:57  Real Betis: 0 treino(s) a iniciar
2026-10-07 17:16:57  FC Van: 0 treino(s) a iniciar
2026-10-07 17:17:46  Loja: vídeo 1
2026-10-07 17:19:14  Vídeos: erro (training_ads: botão do vídeo de treino não encontrado (TimeoutError)); volto a tentar
2026-10-07 17:19:34  Próxima verificação: loja reabre em 0h09 · estádio acaba em 1h40 · treino acaba em 2h54 · dinheiro reabre em 7h40 · vídeos acumulados reabrem em 7h40 · novo dia em 11h40
2026-10-07 17:29:37  Real Betis: 0 para recolher
2026-10-07 17:29:37  FC Van: 0 para recolher
2026-10-07 17:29:45  Real Betis: 0 treino(s) a iniciar
2026-10-07 17:29:45  FC Van: 0 treino(s) a iniciar
2026-10-07 17:30:43  Loja: vídeo 1
2026-10-07 17:32:05  Loja: vídeo 2
2026-10-07 17:33:37  Loja: vídeo 3
2026-10-07 17:35:23  Loja: vídeo 4
2026-10-07 17:36:38  Loja: vídeo 5
2026-10-07 17:38:11  Loja: vídeo 6
2026-10-07 17:40:13  Loja: vídeo 7
2026-10-07 17:40:15  Treino: janela saltada
2026-10-07 17:40:46  Próxima verificação: loja reabre em 0h16 · estádio acaba em 1h19 · treino acaba em 2h32 · dinheiro reabre em 7h19 · vídeos acumulados reabrem em 7h19 · novo dia em 11h19
2026-10-07 17:57:54  Real Betis: 0 para recolher
2026-10-07 17:57:54  FC Van: 0 para recolher
2026-10-07 17:57:59  Real Betis: 0 treino(s) a iniciar
2026-10-07 17:57:59  FC Van: 0 treino(s) a iniciar
2026-10-07 17:58:51  Loja: vídeo 1
