2026-10-06 09:16:34  Modo ativo ligado. Ctrl+C para parar.
2026-10-06 09:17:03  [0] Real Betis: 4 pronto(s) a recolher
2026-10-06 09:17:03  de Jong: recolhido (estado 200, progresso 81)
2026-10-06 09:17:03  Haaland: recolhido (estado 200, progresso 24)
2026-10-06 09:17:03  Donnarumma: recolhido (estado 200, progresso 20)
2026-10-06 09:17:03  Gabriel: recolhido (estado 200, progresso 27)
2026-10-06 09:17:03  [1] FC Van: 4 pronto(s) a recolher
2026-10-06 09:17:03  K. Koné: recolhido (estado 200, progresso 51)
2026-10-06 09:17:03  Mendes: recolhido (estado 200, progresso 60)
2026-10-06 09:17:03  Livakovic: recolhido (estado 200, progresso 46)
2026-10-06 09:17:03  Knauff: recolhido (estado 200, progresso 78)
2026-10-06 09:17:26  [0] Real Betis: 4 treino(s) a pôr
2026-10-06 09:20:08  Haaland (ATA, 26 anos, rating 109): a treinar (estado 200)
2026-10-06 09:20:08  de Jong (MED, 29 anos, rating 100): a treinar (estado 200)
2026-10-06 09:20:08  Dimarco (DEF, 28 anos, rating 100): a treinar (estado 200)
2026-10-06 09:20:08  Donnarumma (GR, 27 anos, rating 107): a treinar (estado 200)
2026-10-06 09:20:08  [1] FC Van: 4 treino(s) a pôr
2026-10-06 09:20:08  Knauff (ATA, 24 anos, rating 78): a treinar (estado 200)
2026-10-06 09:20:08  K. Koné (MED, 25 anos, rating 90): a treinar (estado 200)
2026-10-06 09:20:08  Mendes (DEF, 24 anos, rating 97): a treinar (estado 200)
2026-10-06 09:20:08  Livakovic (GR, 31 anos, rating 91): a treinar (estado 200)
2026-10-06 09:20:11  Parado pelo dono.
2026-10-06 09:20:11  Resumo: Desde o arranque (0h03): saldo +0 boss coins · vídeos: loja 0, treino 0 · treinos: 8 recolhidos, 8 postos
2026-10-06 09:20:14  Modo ativo ligado. Ctrl+C para parar.
2026-10-06 09:20:24  [0] Real Betis: 0 pronto(s) a recolher
2026-10-06 09:20:24  [1] FC Van: 0 pronto(s) a recolher
2026-10-06 09:20:29  [0] Real Betis: 0 treino(s) a pôr
2026-10-06 09:20:29  [1] FC Van: 0 treino(s) a pôr
2026-10-06 09:40:30  Anuncios da loja: video 1 visto.
2026-10-06 09:42:57  Anuncios da loja: video 2 visto.
2026-10-06 09:44:06  Anuncios da loja: video 3 visto.
2026-10-06 09:44:59  Anuncios da loja: video 4 visto.
2026-10-06 09:45:47  Anuncios da loja: video 5 visto.
2026-10-06 09:46:50  Anuncios da loja: video 6 visto.
2026-10-06 09:47:50  Anuncios da loja: video 7 visto.
2026-10-06 09:48:54  Anuncios da loja: video 8 visto.
2026-10-06 09:50:07  Anuncios da loja: video 9 visto.
2026-10-06 09:50:09  Videos de treino: janela aberta, salto esta vez (de proposito).
2026-10-06 09:50:17  A espera loja reabre em 0h31 · treino acaba em 7h26.
2026-10-06 10:20:20  [0] Real Betis: 0 pronto(s) a recolher
2026-10-06 10:20:20  [1] FC Van: 0 pronto(s) a recolher
2026-10-06 10:20:25  [0] Real Betis: 0 treino(s) a pôr
2026-10-06 10:20:25  [1] FC Van: 0 treino(s) a pôr
2026-10-06 10:21:20  Anuncios: falhou (training_ads: nao consegui chegar ao botao do video de treino (TimeoutError)) [1/2].
2026-10-06 10:21:29  A espera treino acaba em 6h55.
2026-10-06 10:51:31  [0] Real Betis: 0 pronto(s) a recolher
2026-10-06 10:51:31  [1] FC Van: 0 pronto(s) a recolher
2026-10-06 10:51:36  [0] Real Betis: 0 treino(s) a pôr
2026-10-06 10:51:36  [1] FC Van: 0 treino(s) a pôr
2026-10-06 10:52:05  Anuncios da loja: video 1 visto.
2026-10-06 10:53:15  Anuncios da loja: video 2 visto.
2026-10-06 10:54:24  Anuncios da loja: video 3 visto.
2026-10-06 10:55:36  Anuncios da loja: video 4 visto.
2026-10-06 10:56:29  Anuncios da loja: video 5 visto.
2026-10-06 10:58:05  Anuncios da loja: video 6 visto.
2026-10-06 10:59:19  Anuncios da loja: video 7 visto.
2026-10-06 11:00:24  Anuncios da loja: video 8 visto.
2026-10-06 11:02:00  Anuncios da loja: video 9 visto.
2026-10-06 11:02:50  Anuncios: falhou (training_ads: nao consegui chegar ao botao do video de treino (TimeoutError)) [2/2].
2026-10-06 11:02:50  Anuncios desligados ate ao proximo arranque; os treinos continuam.
2026-10-06 11:02:59  A espera loja reabre em 0h49 · treino acaba em 6h14.
2026-10-06 11:33:01  [0] Real Betis: 0 pronto(s) a recolher
2026-10-06 11:33:01  [1] FC Van: 0 pronto(s) a recolher
2026-10-06 11:33:06  [0] Real Betis: 0 treino(s) a pôr
2026-10-06 11:33:06  [1] FC Van: 0 treino(s) a pôr
2026-10-06 11:33:10  *** AVISO: FC Van: 1 slot(s) de venda livre(s) (3/4 ocupados)
2026-10-06 11:33:19  A espera loja reabre em 0h18 · treino acaba em 5h43.
2026-10-06 11:59:46  [0] Real Betis: 0 pronto(s) a recolher
2026-10-06 11:59:46  [1] FC Van: 0 pronto(s) a recolher
2026-10-06 11:59:56  [0] Real Betis: 0 treino(s) a pôr
2026-10-06 11:59:56  [1] FC Van: 0 treino(s) a pôr
2026-10-06 12:00:19  A espera treino acaba em 5h16.
2026-10-06 12:30:21  [0] Real Betis: 0 pronto(s) a recolher
2026-10-06 12:30:21  [1] FC Van: 0 pronto(s) a recolher
2026-10-06 12:30:26  [0] Real Betis: 0 treino(s) a pôr
2026-10-06 12:30:26  [1] FC Van: 0 treino(s) a pôr
2026-10-06 12:30:40  A espera treino acaba em 4h46.
2026-10-06 13:00:42  [0] Real Betis: 0 pronto(s) a recolher
2026-10-06 13:00:42  [1] FC Van: 0 pronto(s) a recolher
2026-10-06 13:00:47  [0] Real Betis: 0 treino(s) a pôr
2026-10-06 13:00:47  [1] FC Van: 0 treino(s) a pôr
2026-10-06 13:01:00  A espera treino acaba em 4h16.
2026-10-06 13:31:03  [0] Real Betis: 0 pronto(s) a recolher
2026-10-06 13:31:03  [1] FC Van: 0 pronto(s) a recolher
2026-10-06 13:31:08  [0] Real Betis: 0 treino(s) a pôr
2026-10-06 13:31:08  [1] FC Van: 0 treino(s) a pôr
2026-10-06 13:31:20  A espera treino acaba em 3h45.
2026-10-06 14:01:23  [0] Real Betis: 0 pronto(s) a recolher
2026-10-06 14:01:23  [1] FC Van: 0 pronto(s) a recolher
2026-10-06 14:01:28  [0] Real Betis: 0 treino(s) a pôr
2026-10-06 14:01:28  [1] FC Van: 0 treino(s) a pôr
2026-10-06 14:01:40  A espera treino acaba em 3h15.
2026-10-06 14:31:43  [0] Real Betis: 0 pronto(s) a recolher
2026-10-06 14:31:43  [1] FC Van: 0 pronto(s) a recolher
2026-10-06 14:31:49  [0] Real Betis: 0 treino(s) a pôr
2026-10-06 14:31:49  [1] FC Van: 0 treino(s) a pôr
2026-10-06 14:32:02  A espera treino acaba em 2h45.
2026-10-06 15:02:05  [0] Real Betis: 0 pronto(s) a recolher
2026-10-06 15:02:05  [1] FC Van: 0 pronto(s) a recolher
2026-10-06 15:02:11  [0] Real Betis: 0 treino(s) a pôr
2026-10-06 15:02:11  [1] FC Van: 0 treino(s) a pôr
2026-10-06 15:02:24  A espera treino acaba em 2h14.
2026-10-06 15:32:27  [0] Real Betis: 0 pronto(s) a recolher
2026-10-06 15:32:27  [1] FC Van: 0 pronto(s) a recolher
2026-10-06 15:32:33  [0] Real Betis: 0 treino(s) a pôr
2026-10-06 15:32:33  [1] FC Van: 0 treino(s) a pôr
2026-10-06 15:32:47  A espera treino acaba em 1h44.
2026-10-06 16:02:49  [0] Real Betis: 0 pronto(s) a recolher
2026-10-06 16:02:49  [1] FC Van: 0 pronto(s) a recolher
2026-10-06 16:02:54  [0] Real Betis: 0 treino(s) a pôr
2026-10-06 16:02:54  [1] FC Van: 0 treino(s) a pôr
2026-10-06 16:03:06  A espera treino acaba em 1h14 · video de treino reabre em 2h36.
2026-10-06 16:33:09  [0] Real Betis: 0 pronto(s) a recolher
2026-10-06 16:33:09  [1] FC Van: 0 pronto(s) a recolher
2026-10-06 16:33:14  [0] Real Betis: 0 treino(s) a pôr
2026-10-06 16:33:14  [1] FC Van: 0 treino(s) a pôr
2026-10-06 16:33:18  *** AVISO: FC Van: 1 slot(s) de venda livre(s) (3/4 ocupados)
2026-10-06 16:33:26  A espera treino acaba em 0h43 · video de treino reabre em 2h06.
2026-10-06 16:59:57  Parado pelo dono.
2026-10-06 16:59:57  Resumo: Desde o arranque (7h39): saldo +20 boss coins · vídeos: loja 18, treino 0 · treinos: 0 recolhidos, 0 postos
